/usr/synopsys/D-2010.03-SP5-3/auxx/gui/dv/dv_setup.tcl
/usr/synopsys/D-2010.03-SP5-3/auxx/gui/syn/snpsSynProcs.tcl
/usr/synopsys/D-2010.03-SP5-3/auxx/tcllib/lib/tcl8.4/package.tcl
/usr/synopsys/D-2010.03-SP5-3/auxx/gui/syn/layout/pkgIndex.tcl
/usr/synopsys/D-2010.03-SP5-3/auxx/gui/common/histogram/pkgIndex.tcl
/usr/synopsys/D-2010.03-SP5-3/auxx/gui/common/libviewer/pkgIndex.tcl
/usr/synopsys/D-2010.03-SP5-3/auxx/gui/common/menus/pkgIndex.tcl
/usr/synopsys/D-2010.03-SP5-3/auxx/gui/common/opdlg/pkgIndex.tcl
/usr/synopsys/D-2010.03-SP5-3/auxx/gui/common/schematic/pkgIndex.tcl
/usr/synopsys/D-2010.03-SP5-3/auxx/gui/common/WindowFrameWork/pkgIndex.tcl
/usr/synopsys/D-2010.03-SP5-3/auxx/gui/common/highlight/pkgIndex.tcl
/usr/synopsys/D-2010.03-SP5-3/auxx/gui/common/setup/pkgIndex.tcl
/usr/synopsys/D-2010.03-SP5-3/auxx/gui/common/docBrowser/pkgIndex.tcl
/usr/synopsys/D-2010.03-SP5-3/auxx/gui/common/hierarchy/pkgIndex.tcl
/usr/synopsys/D-2010.03-SP5-3/auxx/gui/common/pathinspector/pkgIndex.tcl
/usr/synopsys/D-2010.03-SP5-3/auxx/gui/common/select/pkgIndex.tcl
/usr/synopsys/D-2010.03-SP5-3/auxx/gui/common/misc/pkgIndex.tcl
/usr/synopsys/D-2010.03-SP5-3/auxx/gui/common/tcl-dp/pkgIndex.tcl
/usr/synopsys/D-2010.03-SP5-3/auxx/gui/common/fanoutviewer/pkgIndex.tcl
/usr/synopsys/D-2010.03-SP5-3/auxx/gui/common/dialogs/pkgIndex.tcl
/usr/synopsys/D-2010.03-SP5-3/auxx/gui/common/qtcl/pkgIndex.tcl
/usr/synopsys/D-2010.03-SP5-3/auxx/gui/common/strokes/pkgIndex.tcl
/usr/synopsys/D-2010.03-SP5-3/auxx/gui/common/layout/pkgIndex.tcl
/usr/synopsys/D-2010.03-SP5-3/auxx/gui/common/regressionToolkit/pkgIndex.tcl
/usr/synopsys/D-2010.03-SP5-3/auxx/gui/common/view/pkgIndex.tcl
/usr/synopsys/D-2010.03-SP5-3/auxx/gui/common/profiler/pkgIndex.tcl
/usr/synopsys/D-2010.03-SP5-3/auxx/gui/common/table/pkgIndex.tcl
/usr/synopsys/D-2010.03-SP5-3/auxx/tcllib/snps_tcl/snpsTclPro/pkgIndex.tcl
/usr/synopsys/D-2010.03-SP5-3/auxx/tcllib/snps_tcl/snpsTest/pkgIndex.tcl
/usr/synopsys/D-2010.03-SP5-3/auxx/tcllib/snps_tcl/snpsUtils/pkgIndex.tcl
/usr/synopsys/D-2010.03-SP5-3/auxx/tcllib/snps_tcl/pkgIndex.tcl
/usr/synopsys/D-2010.03-SP5-3/auxx/tcllib/lib/tcl8.4/dde/pkgIndex.tcl
/usr/synopsys/D-2010.03-SP5-3/auxx/tcllib/lib/tcl8.4/http1.0/pkgIndex.tcl
/usr/synopsys/D-2010.03-SP5-3/auxx/tcllib/lib/tcl8.4/http/pkgIndex.tcl
/usr/synopsys/D-2010.03-SP5-3/auxx/tcllib/lib/tcl8.4/tcltest/pkgIndex.tcl
/usr/synopsys/D-2010.03-SP5-3/auxx/tcllib/lib/tcl8.4/opt/pkgIndex.tcl
/usr/synopsys/D-2010.03-SP5-3/auxx/tcllib/lib/tcl8.4/msgcat/pkgIndex.tcl
/usr/synopsys/D-2010.03-SP5-3/auxx/tcllib/lib/tcl8.4/reg/pkgIndex.tcl
/usr/synopsys/D-2010.03-SP5-3/auxx/gui/common/setup/snpsCommonSetup.tcl
/usr/synopsys/D-2010.03-SP5-3/auxx/gui/common/setup/snpsCustomize.tcl
/usr/synopsys/D-2010.03-SP5-3/auxx/gui/common/setup/snpsProcheck.tcl
/usr/synopsys/D-2010.03-SP5-3/auxx/gui/common/qtcl/.synopsys_qtcl.tcl
/usr/synopsys/D-2010.03-SP5-3/auxx/gui/common/highlight/highlight.tcl
/usr/synopsys/D-2010.03-SP5-3/auxx/gui/common/misc/base.tcl
/usr/synopsys/D-2010.03-SP5-3/auxx/gui/common/misc/timing.tcl
/usr/synopsys/D-2010.03-SP5-3/auxx/gui/common/misc/setting.tcl
/usr/synopsys/D-2010.03-SP5-3/auxx/gui/common/docBrowser/docBrowser.tcl
/usr/synopsys/D-2010.03-SP5-3/auxx/tcllib/snps_tcl/snpsUtils/snpsUtils.tcl
/usr/synopsys/D-2010.03-SP5-3/auxx/gui/common/WindowFrameWork/windowFrameWork.tcl
/usr/synopsys/D-2010.03-SP5-3/auxx/gui/common/WindowFrameWork/skipBusyCursorCmdList.tcl
/usr/synopsys/D-2010.03-SP5-3/auxx/gui/common/dialogs/ObjectChooser.tcl
/usr/synopsys/D-2010.03-SP5-3/auxx/gui/common/misc/DialogObjectChooser.tcl
/usr/synopsys/D-2010.03-SP5-3/auxx/gui/common/dialogs/HistBinInformation.tcl
/usr/synopsys/D-2010.03-SP5-3/auxx/gui/common/dialogs/HistBin1Information.tcl
/usr/synopsys/D-2010.03-SP5-3/auxx/gui/common/dialogs/BinsOnlyInformation.tcl
/usr/synopsys/D-2010.03-SP5-3/auxx/gui/common/dialogs/FileChooser.tcl
/usr/synopsys/D-2010.03-SP5-3/auxx/gui/common/dialogs/PathPinSimpleInfo.tcl
/usr/synopsys/D-2010.03-SP5-3/auxx/gui/common/dialogs/PathsBasicInfo.tcl
/usr/synopsys/D-2010.03-SP5-3/auxx/gui/common/dialogs/PathsBasicSimpleInfo.tcl
/usr/synopsys/D-2010.03-SP5-3/auxx/gui/common/dialogs/SlctOperationInfo.tcl
/usr/synopsys/D-2010.03-SP5-3/auxx/gui/common/dialogs/ObjectListInfo.tcl
/usr/synopsys/D-2010.03-SP5-3/auxx/gui/common/dialogs/FanInOutInfo.tcl
/usr/synopsys/D-2010.03-SP5-3/auxx/gui/common/dialogs/NumberOfLevelsChooser.tcl
/usr/synopsys/D-2010.03-SP5-3/auxx/gui/common/dialogs/WindowReuseInfo.tcl
/usr/synopsys/D-2010.03-SP5-3/auxx/gui/common/dialogs/ReportOutputOptionInfo.tcl
/usr/synopsys/D-2010.03-SP5-3/auxx/gui/common/setup/snpsCollections.tcl
/usr/synopsys/D-2010.03-SP5-3/auxx/gui/common/dialogs/CompileLinkDesign.tcl
/usr/synopsys/D-2010.03-SP5-3/auxx/gui/common/histogram/DialogEndpointSlack.tcl
/usr/synopsys/D-2010.03-SP5-3/auxx/gui/common/histogram/DialogPathsSlack.tcl
/usr/synopsys/D-2010.03-SP5-3/auxx/gui/common/histogram/DialogNetCapacitance.tcl
/usr/synopsys/D-2010.03-SP5-3/auxx/gui/common/schematic/DialogPathSchematicFanInOut.tcl
/usr/synopsys/D-2010.03-SP5-3/auxx/gui/common/schematic/DialogPathSchematicAddPaths.tcl
/home/student/Desktop/Workspace/MESH/DC/scripts/dc.tcl
/home/student/Desktop/Workspace/MESH/DC/scripts/read.tcl
/home/student/Desktop/Workspace/MESH/DC/rtl/global.v
/home/student/Desktop/Workspace/SMIC18/db/slow.db
/home/student/Desktop/Workspace/SMIC18/sdb/smic18.sdb
/home/student/Desktop/Workspace/SMIC18/sdb/SP018W_V1p5.sdb
/home/student/Desktop/Workspace/SMIC18/db/SP018W_V1p5_max.db
/home/student/Desktop/Workspace/MESH/DC/rtl/global.v
/home/student/Desktop/Workspace/MESH/DC/rtl/router/ram_8x32.v
/home/student/Desktop/Workspace/MESH/DC/rtl/global.v
/home/student/Desktop/Workspace/MESH/DC/rtl/router/sync_fifo_8x32.v
/home/student/Desktop/Workspace/MESH/DC/rtl/global.v
/home/student/Desktop/Workspace/MESH/DC/rtl/router/input_unit.v
/home/student/Desktop/Workspace/MESH/DC/rtl/global.v
/home/student/Desktop/Workspace/MESH/DC/rtl/router/data_transfer.v
/home/student/Desktop/Workspace/MESH/DC/rtl/global.v
/home/student/Desktop/Workspace/MESH/DC/rtl/router/out_unit_3port.v
/home/student/Desktop/Workspace/MESH/DC/rtl/global.v
/home/student/Desktop/Workspace/MESH/DC/rtl/router/out_unit_4port.v
/home/student/Desktop/Workspace/MESH/DC/rtl/global.v
/home/student/Desktop/Workspace/MESH/DC/rtl/router/router_compute_3port.v
/home/student/Desktop/Workspace/MESH/DC/rtl/global.v
/home/student/Desktop/Workspace/MESH/DC/rtl/router/router_compute_4port.v
/home/student/Desktop/Workspace/MESH/DC/rtl/global.v
/home/student/Desktop/Workspace/MESH/DC/rtl/router/switch_allocation_3port.v
/home/student/Desktop/Workspace/MESH/DC/rtl/global.v
/home/student/Desktop/Workspace/MESH/DC/rtl/router/switch_allocation_4port.v
/home/student/Desktop/Workspace/MESH/DC/rtl/global.v
/home/student/Desktop/Workspace/MESH/DC/rtl/router/flow_control_3port.v
/home/student/Desktop/Workspace/MESH/DC/rtl/global.v
/home/student/Desktop/Workspace/MESH/DC/rtl/router/flow_control_4port.v
/home/student/Desktop/Workspace/MESH/DC/rtl/global.v
/home/student/Desktop/Workspace/MESH/DC/rtl/router/router_border.v
/home/student/Desktop/Workspace/MESH/DC/rtl/global.v
/home/student/Desktop/Workspace/MESH/DC/rtl/router/router_normal.v
/home/student/Desktop/Workspace/MESH/DC/rtl/PE/PE.v
/home/student/Desktop/Workspace/MESH/DC/rtl/PE/PE_single.v
/home/student/Desktop/Workspace/MESH/DC/rtl/global.v
/home/student/Desktop/Workspace/MESH/DC/rtl/mesh.sv
/home/student/Desktop/Workspace/MESH/DC/rtl/mesh_chip.v
/usr/synopsys/D-2010.03-SP5-3/libraries/syn/gtech.db
/usr/synopsys/D-2010.03-SP5-3/libraries/syn/standard.sldb
/home/student/Desktop/Workspace/MESH/DC/scripts/mesh.con
/home/student/synopsys_cache_D-2010.03-SP5-3/DW01/DW01_cmp6/rpl/3/slow_634/element.ddc
/home/student/synopsys_cache_D-2010.03-SP5-3/DW01/DW01_cmp6/rpl/4/slow_634/element.ddc
/home/student/synopsys_cache_D-2010.03-SP5-3/DW01/DW01_inc/rpl/4/slow_634/element.ddc
/home/student/synopsys_cache_D-2010.03-SP5-3/DW01/DW01_cmp2/rpl/3/slow_634/element.ddc
/home/student/synopsys_cache_D-2010.03-SP5-3/DW01/DW01_inc/rpl/3/slow_634/element.ddc
/home/student/synopsys_cache_D-2010.03-SP5-3/DW01/DW01_cmp2/rpl/2/slow_634/element.ddc
/home/student/synopsys_cache_D-2010.03-SP5-3/DW01/DW01_cmp6/rpl/2/slow_634/element.ddc
/home/student/synopsys_cache_D-2010.03-SP5-3/DW01/DW01_cmp2/rpl/4/slow_634/element.ddc
/home/student/synopsys_cache_D-2010.03-SP5-3/DW01/DW01_sub/rpl/4/slow_634/element.ddc
/home/student/synopsys_cache_D-2010.03-SP5-3/DW01/DW01_inc/rpl/16/slow_634/element.ddc
/home/student/synopsys_cache_D-2010.03-SP5-3/DW01/DW01_inc/rpl/8/slow_634/element.ddc
/home/student/synopsys_cache_D-2010.03-SP5-3/DW01/DW01_add/rpl/27/slow_634/element.ddc
/home/student/synopsys_cache_D-2010.03-SP5-3/DW01/DW01_cmp2/rpl/8/slow_634/element.ddc
/home/student/synopsys_cache_D-2010.03-SP5-3/DW01/DW01_add/rpl/8/slow_634/element.ddc
/home/student/synopsys_cache_D-2010.03-SP5-3/DW01/DW01_cmp2/rpl/16/slow_634/element.ddc
/home/student/synopsys_cache_D-2010.03-SP5-3/DW01/DW01_cmp6/rpl/13/slow_634/element.ddc
/home/student/synopsys_cache_D-2010.03-SP5-3/DW01/DW01_sub/rpl/8/slow_634/element.ddc
/home/student/synopsys_cache_D-2010.03-SP5-3/DW01/DW01_dec/rpl/16/slow_634/element.ddc
/home/student/synopsys_cache_D-2010.03-SP5-3/DW01/DW01_cmp2/rpl/17/slow_634/element.ddc
/home/student/synopsys_cache_D-2010.03-SP5-3/DW01/DW01_sub/rpl/16/slow_634/element.ddc
/home/student/synopsys_cache_D-2010.03-SP5-3/DW01/DW01_add/rpl/16/slow_634/element.ddc
/home/student/synopsys_cache_D-2010.03-SP5-3/DW01/DW01_inc/rpl/17/slow_634/element.ddc
/home/student/synopsys_cache_D-2010.03-SP5-3/DW01/DW01_add/rpl/4/slow_634_8167_7224/element.ddc
/home/student/synopsys_cache_D-2010.03-SP5-3/DW01/DW01_add/cla/4/slow_634_8167_7224/element.ddc
/home/student/synopsys_cache_D-2010.03-SP5-3/DW01/DW01_sub/rpl/4/slow_634_8167_7224/element.ddc
/home/student/synopsys_cache_D-2010.03-SP5-3/DW01/DW01_sub/cla/4/slow_634_8167_7224/element.ddc
/home/student/synopsys_cache_D-2010.03-SP5-3/DW01/DW01_add/rpl/2/slow_634_8167_7224/element.ddc
/home/student/synopsys_cache_D-2010.03-SP5-3/DW01/DW01_add/cla/2/slow_634_8167_7224/element.ddc
/home/student/synopsys_cache_D-2010.03-SP5-3/DW01/DW01_add/rpl/3/slow_634_8167_7224/element.ddc
/home/student/synopsys_cache_D-2010.03-SP5-3/DW01/DW01_add/cla/3/slow_634_8167_7224/element.ddc
/home/student/synopsys_cache_D-2010.03-SP5-3/DW01/DW01_sub/rpl/16/slow_634_8167_7224/element.ddc
/home/student/synopsys_cache_D-2010.03-SP5-3/DW01/DW01_sub/cla/16/slow_634_8167_7224/element.ddc
/home/student/synopsys_cache_D-2010.03-SP5-3/DW01/DW01_add/rpl/16/slow_634_8167_7224/element.ddc
/home/student/synopsys_cache_D-2010.03-SP5-3/DW01/DW01_add/cla/16/slow_634_8167_7224/element.ddc
/home/student/synopsys_cache_D-2010.03-SP5-3/DW01/DW01_add/rpl/4/slow_634/element.ddc
/home/student/synopsys_cache_D-2010.03-SP5-3/DW01/DW01_add/rpl/3/slow_634/element.ddc
/home/student/synopsys_cache_D-2010.03-SP5-3/DW01/DW01_add/rpl/2/slow_634/element.ddc
/home/student/Desktop/Workspace/SMIC18/db/slow.db
/home/student/Desktop/Workspace/SMIC18/db/SP018W_V1p5_max.db
