 
****************************************
Report : timing
        -path full
        -delay max
        -max_paths 1
Design : router_border_chip
Version: D-2010.03-SP5-3
Date   : Wed May 12 12:37:32 2021
****************************************

 # A fanout number of 1000 was used for high fanout net computations.

Operating Conditions: slow   Library: slow
Wire Load Model Mode: segmented

  Startpoint: insc_router/input_unit_y/unit_fifo_local/waddr_reg[1]
              (rising edge-triggered flip-flop clocked by clk)
  Endpoint: Y_FULL_OUT (output port clocked by clk)
  Path Group: clk
  Path Type: max

  Point                                                   Incr       Path
  --------------------------------------------------------------------------
  clock clk (rise edge)                                   0.00       0.00
  clock network delay (ideal)                             4.30       4.30
  insc_router/input_unit_y/unit_fifo_local/waddr_reg[1]/CK (DFFRHQX4)
                                                          0.00 #     4.30 r
  insc_router/input_unit_y/unit_fifo_local/waddr_reg[1]/Q (DFFRHQX4)
                                                          0.34       4.64 r
  insc_router/input_unit_y/unit_fifo_local/U9/Y (BUFX12)
                                                          0.14       4.78 r
  insc_router/input_unit_y/unit_fifo_local/U20/Y (XOR2X4)
                                                          0.21       4.99 f
  insc_router/input_unit_y/unit_fifo_local/U54/Y (NAND2X2)
                                                          0.07       5.06 r
  insc_router/input_unit_y/unit_fifo_local/U70/Y (NAND3X2)
                                                          0.08       5.14 f
  insc_router/input_unit_y/unit_fifo_local/U71/Y (XNOR3X4)
                                                          0.23       5.38 f
  insc_router/input_unit_y/unit_fifo_local/U73/Y (NOR2X4)
                                                          0.25       5.62 r
  insc_router/input_unit_y/unit_fifo_local/full (sync_fifo_8x32_0)
                                                          0.00       5.62 r
  insc_router/input_unit_y/full (input_unit_0)            0.00       5.62 r
  insc_router/Y_FULL_OUT (router_border)                  0.00       5.62 r
  PO8W_Y_DATA_FULL_OUT/PAD (PO8W)                         1.68       7.30 r
  Y_FULL_OUT (out)                                        0.00       7.30 r
  data arrival time                                                  7.30

  clock clk (rise edge)                                   5.00       5.00
  clock network delay (ideal)                             4.30       9.30
  clock uncertainty                                      -0.50       8.80
  output external delay                                  -5.00       3.80
  data required time                                                 3.80
  --------------------------------------------------------------------------
  data required time                                                 3.80
  data arrival time                                                 -7.30
  --------------------------------------------------------------------------
  slack (VIOLATED)                                                  -3.50


1
